sehga@Daisy MINGW64 ~/OneDrive/Desktop/CPR101/final project/finalproject (master)
$ git status
On branch master
Changes to be committed:
  (use "git restore --staged <file>..." to unstage)
        modified:   fundamentals.c

Untracked files:
  (use "git add <file>..." to include in what will be committed)
        .vs/
        finalproject.sln
        finalproject.vcxproj
        finalproject.vcxproj.filters
        finalproject.vcxproj.user
        fundamentals-git-log.txt
        fundamentals.h
        x64/


sehga@Daisy MINGW64 ~/OneDrive/Desktop/CPR101/final project/finalproject (master)
$ git commit -m "v3"
[master 38d80c9] v3
 1 file changed, 31 insertions(+), 14 deletions(-)

sehga@Daisy MINGW64 ~/OneDrive/Desktop/CPR101/final project/finalproject (master)
$ git log
commit 38d80c9e56db7630aa3c26333d6de1fcb583f9fd (HEAD -> master)
Author: sehga <sehgalr1970@gmail.com>
Date:   Sun Aug 13 21:26:15 2023 -0400

    v3

commit a74343eb9bcbc0ad2e84a3695eaeaf0478db5df9
Author: sehga <sehgalr1970@gmail.com>
Date:   Mon Aug 7 18:41:30 2023 -0400

    v2

commit 4f3446148fca1097c463abac3af7215582d122af
Author: sehga <sehgalr1970@gmail.com>
Date:   Mon Aug 7 18:36:25 2023 -0400

    v1

sehga@Daisy MINGW64 ~/OneDrive/Desktop/CPR101/final project/finalproject (master)
$

